// Jest Snapshot v1, https://goo.gl/fbAQLP

exports[`Login matches a snapshot if an empty form was submitted 1`] = `
<div
  className="container-fluid"
>
  <h1
    className="text-center"
  >
    Login
  </h1>
  <form>
    <div
      className="row Form-Margin"
    >
      <div
        className="col-xs-6 col-xs-offset-3"
      >
        <input
          className="form-control text-center"
          name="email"
          onChange={[Function]}
          placeholder="Email"
          type="text"
          value=""
        />
      </div>
    </div>
    <div
      className="row Form-Margin"
    >
      <div
        className="col-xs-6 col-xs-offset-3"
      >
        <input
          className="form-control text-center"
          name="password"
          onChange={[Function]}
          placeholder="Password"
          type="password"
          value=""
        />
      </div>
    </div>
    <div
      className="row Form-Margin"
    >
      <div
        className="col-xs-6 col-xs-offset-3"
      >
        <button
          className="btn btn-block btn-primary"
          onClick={[Function]}
          type="submit"
        >
          Login
        </button>
      </div>
    </div>
    <div
      className="row Form-Margin"
    >
      <div
        className="col-xs-6 col-xs-offset-3"
      >
        <a
          href="/register"
          onClick={[Function]}
        >
          <button
            className="btn btn-block btn-success"
          >
            Register
          </button>
        </a>
      </div>
    </div>
    <div
      className="row Form-Margin"
    >
      <div
        className="col-xs-6 col-xs-offset-3"
      >
        <h2>
           
        </h2>
      </div>
    </div>
  </form>
</div>
`;

exports[`Login matches a snapshot if no activity has occurred 1`] = `
<div
  className="container-fluid"
>
  <h1
    className="text-center"
  >
    Login
  </h1>
  <form>
    <div
      className="row Form-Margin"
    >
      <div
        className="col-xs-6 col-xs-offset-3"
      >
        <input
          className="form-control text-center"
          name="email"
          onChange={[Function]}
          placeholder="Email"
          type="text"
          value=""
        />
      </div>
    </div>
    <div
      className="row Form-Margin"
    >
      <div
        className="col-xs-6 col-xs-offset-3"
      >
        <input
          className="form-control text-center"
          name="password"
          onChange={[Function]}
          placeholder="Password"
          type="password"
          value=""
        />
      </div>
    </div>
    <div
      className="row Form-Margin"
    >
      <div
        className="col-xs-6 col-xs-offset-3"
      >
        <button
          className="btn btn-block btn-primary"
          onClick={[Function]}
          type="submit"
        >
          Login
        </button>
      </div>
    </div>
    <div
      className="row Form-Margin"
    >
      <div
        className="col-xs-6 col-xs-offset-3"
      >
        <a
          href="/register"
          onClick={[Function]}
        >
          <button
            className="btn btn-block btn-success"
          >
            Register
          </button>
        </a>
      </div>
    </div>
    <div
      className="row Form-Margin"
    >
      <div
        className="col-xs-6 col-xs-offset-3"
      >
        <h2>
           
        </h2>
      </div>
    </div>
  </form>
</div>
`;
